[0/1] Re-running CMake...
build contract passed: 7 targets; shared sources and MSVC policies
-- Configuring done (0.4s)
-- Generating done (0.0s)
-- Build files have been written to: D:/program/FrameGraphLab/build/core-clang
[1/18] Building CXX object CMakeFiles/framegraph_core.dir/src/core/validation.cpp.obj
[2/18] Building CXX object CMakeFiles/framegraph_core.dir/src/core/serialization.cpp.obj
[3/18] Building CXX object CMakeFiles/framegraph_core.dir/src/core/barriers.cpp.obj
[4/18] Building CXX object CMakeFiles/framegraph_core.dir/src/core/allocation.cpp.obj
[5/18] Building CXX object CMakeFiles/framegraph_core.dir/src/core/plan.cpp.obj
[6/18] Building CXX object CMakeFiles/framegraph_plan.dir/tools/core_plan.cpp.obj
[7/18] Building CXX object CMakeFiles/framegraph_fuzz.dir/tests/property/fuzz_compile.cpp.obj
[8/18] Building CXX object CMakeFiles/framegraph_core.dir/src/core/compiler.cpp.obj
[9/18] Building CXX object CMakeFiles/framegraph_compiler_tests.dir/tests/unit/compiler_tests.cpp.obj
[10/18] Linking CXX static library libframegraph_core.a
[11/18] Linking CXX executable framegraph_plan.exe
[12/18] Linking CXX executable framegraph_compiler_tests.exe
[13/18] Linking CXX executable framegraph_fuzz.exe
[14/18] Building CXX object CMakeFiles/framegraph_planner_tests.dir/tests/unit/planner_tests.cpp.obj
[15/18] Building CXX object CMakeFiles/framegraph_property.dir/tests/property/graph_sweep.cpp.obj
[16/18] Linking CXX executable framegraph_planner_tests.exe
[17/18] Linking CXX executable framegraph_property.exe
