build contract passed: 10 targets; shared sources and MSVC policies
[up-to-date] src/app/main.cpp
[up-to-date] src/core/compiler.cpp
[up-to-date] src/core/validation.cpp
[up-to-date] src/core/serialization.cpp
[up-to-date] src/core/allocation.cpp
[up-to-date] src/core/barriers.cpp
[up-to-date] src/core/plan.cpp
[up-to-date] src/app/options.cpp
[up-to-date] src/app/report.cpp
[up-to-date] src/d3d12/diagnostics.cpp
[up-to-date] src/d3d12/shader.cpp
[compile] src/d3d12/runtime.cpp [dependency changed]
runtime.cpp
[up-to-date] src/d3d12/window.cpp
[up-to-date] src/d3d12/context.cpp
[compile] src/d3d12/capture.cpp [source changed]
capture.cpp
[compile] src/d3d12/arena.cpp [source changed]
arena.cpp
[compile] src/d3d12/executor.cpp [source changed, dependency changed]
executor.cpp
[compile] src/app/probe_graph.cpp [source changed, dependency changed]
probe_graph.cpp
cl: 命令行 warning D9025 :正在重写“/W3”(用“/W4”)
cl: 命令行 warning D9025 :正在重写“/MDd”(用“/MTd”)
cl: 命令行 warning D9025 :正在重写“/W3”(用“/W4”)
cl: 命令行 warning D9025 :正在重写“/MDd”(用“/MTd”)
[link] FrameGraphLab-debug.exe [explicit rebuild, link inputs changed]
output: D:/program/FrameGraphLab/.mqb/bin/FrameGraphLab-debug.exe
cl: 命令行 warning D9025 :正在重写“/W3”(用“/W4”)
cl: 命令行 warning D9025 :正在重写“/MDd”(用“/MTd”)
cl: 命令行 warning D9025 :正在重写“/W3”(用“/W4”)
cl: 命令行 warning D9025 :正在重写“/MDd”(用“/MTd”)
cl: 命令行 warning D9025 :正在重写“/W3”(用“/W4”)
cl: 命令行 warning D9025 :正在重写“/MDd”(用“/MTd”)
