build contract passed: 11 targets; shared sources and MSVC policies
[compile] tests/unit/boundary_tests.cpp [missing cache entry, missing output]
boundary_tests.cpp
cl: 命令行 warning D9025 :正在重写“/W3”(用“/W4”)
cl: 命令行 warning D9025 :正在重写“/MDd”(用“/MTd”)
[up-to-date] src/core/compiler.cpp
[up-to-date] src/core/validation.cpp
[up-to-date] src/core/serialization.cpp
[up-to-date] src/core/allocation.cpp
[up-to-date] src/core/barriers.cpp
[up-to-date] src/core/plan.cpp
[link] framegraph_boundary_tests-debug.exe [explicit rebuild, missing cache entry, missing output]
output: D:/program/FrameGraphLab/.mqb/bin/framegraph_boundary_tests-debug.exe
[run] framegraph_boundary_tests-debug.exe
PASS invalid_format_and_states
PASS conservative_overwrite_retention
PASS cycle_pairs_are_real_edges
PASS exact_usage_limit_and_plus_one
PASS exact_edge_limit_and_derived_plus_one
cases=6 passed=5 failed=1
FAIL imported_war_and_uav_chain: c.dependencies.size() == 3 at line 21
