build contract passed: 9 targets; shared sources and MSVC policies
[up-to-date] src/app/main.cpp
[up-to-date] src/core/compiler.cpp
[up-to-date] src/core/validation.cpp
[up-to-date] src/core/serialization.cpp
[up-to-date] src/core/allocation.cpp
[up-to-date] src/core/barriers.cpp
[up-to-date] src/core/plan.cpp
[up-to-date] src/app/options.cpp
[up-to-date] src/app/report.cpp
[up-to-date] src/d3d12/runtime.cpp
[up-to-date] src/d3d12/diagnostics.cpp
[compile] src/d3d12/window.cpp [missing cache entry, missing output]
window.cpp
[compile] src/d3d12/context.cpp [missing cache entry, missing output]
context.cpp
[link] FrameGraphLab-debug.exe [explicit rebuild, link inputs changed]
output: D:/program/FrameGraphLab/.mqb/bin/FrameGraphLab-debug.exe
cl: 命令行 warning D9025 :正在重写“/W3”(用“/W4”)
cl: 命令行 warning D9025 :正在重写“/MDd”(用“/MTd”)
cl: 命令行 warning D9025 :正在重写“/W3”(用“/W4”)
cl: 命令行 warning D9025 :正在重写“/MDd”(用“/MTd”)
