[0/1] Re-running CMake...
build contract passed: 10 targets; shared sources and MSVC policies
-- Configuring done (0.4s)
-- Generating done (0.0s)
-- Build files have been written to: D:/program/FrameGraphLab/build/core-clang
[1/23] Building CXX object CMakeFiles/framegraph_core.dir/src/core/validation.cpp.obj
[2/23] Building CXX object CMakeFiles/framegraph_options_tests.dir/src/app/options.cpp.obj
D:/program/FrameGraphLab/src/app/options.cpp:28:39: warning: 'u8path<std::string_view, 0>' is deprecated [-Wdeprecated-declarations]
   28 |             auto p = std::filesystem::u8path(value);
      |                                       ^
D:/program/FrameGraphLab/.tools/llvm-mingw-20260826-ucrt-x86_64/include/c++/v1/__filesystem/u8path.h:73:37: note: 'u8path<std::string_view, 0>' has been explicitly marked deprecated here
   73 | [[nodiscard]] _LIBCPP_HIDE_FROM_ABI _LIBCPP_DEPRECATED_WITH_CHAR8_T path u8path(const _Source& __s) {
      |                                     ^
D:/program/FrameGraphLab/.tools/llvm-mingw-20260826-ucrt-x86_64/include/c++/v1/__configuration/attributes.h:465:43: note: expanded from macro '_LIBCPP_DEPRECATED_WITH_CHAR8_T'
  465 | #  define _LIBCPP_DEPRECATED_WITH_CHAR8_T _LIBCPP_DEPRECATED
      |                                           ^
D:/program/FrameGraphLab/.tools/llvm-mingw-20260826-ucrt-x86_64/include/c++/v1/__configuration/attributes.h:412:47: note: expanded from macro '_LIBCPP_DEPRECATED'
  412 | #    define _LIBCPP_DEPRECATED __attribute__((__deprecated__))
      |                                               ^
1 warning generated.
[3/23] Building CXX object CMakeFiles/framegraph_core.dir/src/core/serialization.cpp.obj
[4/23] Building CXX object CMakeFiles/framegraph_core.dir/src/core/barriers.cpp.obj
[5/23] Building CXX object CMakeFiles/framegraph_smoke.dir/tests/unit/smoke.cpp.obj
[6/23] Building CXX object CMakeFiles/framegraph_core.dir/src/core/plan.cpp.obj
[7/23] Building CXX object CMakeFiles/framegraph_core.dir/src/core/allocation.cpp.obj
[8/23] Linking CXX executable framegraph_smoke.exe
[9/23] Building CXX object CMakeFiles/framegraph_plan.dir/tools/core_plan.cpp.obj
[10/23] Building CXX object CMakeFiles/framegraph_options_tests.dir/tests/unit/options_tests.cpp.obj
[11/23] Building CXX object CMakeFiles/framegraph_fuzz.dir/tests/property/fuzz_compile.cpp.obj
[12/23] Linking CXX executable framegraph_options_tests.exe
[13/23] Building CXX object CMakeFiles/framegraph_core.dir/src/core/compiler.cpp.obj
[14/23] Building CXX object CMakeFiles/framegraph_compiler_tests.dir/tests/unit/compiler_tests.cpp.obj
[15/23] Linking CXX static library libframegraph_core.a
[16/23] Linking CXX executable framegraph_plan.exe
[17/23] Linking CXX executable framegraph_compiler_tests.exe
[18/23] Linking CXX executable framegraph_fuzz.exe
[19/23] Building CXX object CMakeFiles/framegraph_planner_tests.dir/tests/unit/planner_tests.cpp.obj
[20/23] Building CXX object CMakeFiles/framegraph_property.dir/tests/property/graph_sweep.cpp.obj
[21/23] Linking CXX executable framegraph_planner_tests.exe
[22/23] Linking CXX executable framegraph_property.exe
