[0/1] Re-running CMake...
-- Found Python3: C:/Users/Iviesever/AppData/Local/Programs/Python/Python313/python.exe (found version "3.13.0") found components: Interpreter
build contract passed: 10 targets; shared sources and MSVC policies
-- Configuring done (0.4s)
-- Generating done (0.0s)
-- Build files have been written to: D:/program/FrameGraphLab/build/core-sanitized
[1/23] Building CXX object CMakeFiles/framegraph_smoke.dir/tests/unit/smoke.cpp.obj
[2/23] Building CXX object CMakeFiles/framegraph_core.dir/src/core/validation.cpp.obj
[3/23] Building CXX object CMakeFiles/framegraph_options_tests.dir/src/app/options.cpp.obj
[4/23] Building CXX object CMakeFiles/framegraph_core.dir/src/core/serialization.cpp.obj
[5/23] Building CXX object CMakeFiles/framegraph_core.dir/src/core/barriers.cpp.obj
[6/23] Linking CXX executable framegraph_smoke.exe
[7/23] Building CXX object CMakeFiles/framegraph_core.dir/src/core/plan.cpp.obj
[8/23] Building CXX object CMakeFiles/framegraph_core.dir/src/core/allocation.cpp.obj
[9/23] Building CXX object CMakeFiles/framegraph_plan.dir/tools/core_plan.cpp.obj
[10/23] Building CXX object CMakeFiles/framegraph_options_tests.dir/tests/unit/options_tests.cpp.obj
[11/23] Linking CXX executable framegraph_options_tests.exe
[12/23] Building CXX object CMakeFiles/framegraph_fuzz.dir/tests/property/fuzz_compile.cpp.obj
[13/23] Building CXX object CMakeFiles/framegraph_compiler_tests.dir/tests/unit/compiler_tests.cpp.obj
[14/23] Building CXX object CMakeFiles/framegraph_core.dir/src/core/compiler.cpp.obj
[15/23] Linking CXX static library libframegraph_core.a
[16/23] Linking CXX executable framegraph_plan.exe
[17/23] Linking CXX executable framegraph_compiler_tests.exe
[18/23] Linking CXX executable framegraph_fuzz.exe
[19/23] Building CXX object CMakeFiles/framegraph_planner_tests.dir/tests/unit/planner_tests.cpp.obj
[20/23] Building CXX object CMakeFiles/framegraph_property.dir/tests/property/graph_sweep.cpp.obj
[21/23] Linking CXX executable framegraph_planner_tests.exe
[22/23] Linking CXX executable framegraph_property.exe
