[1/26] Building CXX object CMakeFiles/framegraph_expected_fallback_tests.dir/tests/unit/expected_fallback_tests.cpp.obj
[2/26] Linking CXX executable framegraph_expected_fallback_tests.exe
[3/26] Building CXX object CMakeFiles/framegraph_options_tests.dir/src/app/options.cpp.obj
[4/26] Building CXX object CMakeFiles/framegraph_smoke.dir/tests/unit/smoke.cpp.obj
[5/26] Building CXX object CMakeFiles/framegraph_core.dir/src/core/validation.cpp.obj
[6/26] Building CXX object CMakeFiles/framegraph_core.dir/src/core/serialization.cpp.obj
[7/26] Linking CXX executable framegraph_smoke.exe
[8/26] Building CXX object CMakeFiles/framegraph_core.dir/src/core/barriers.cpp.obj
[9/26] Building CXX object CMakeFiles/framegraph_core.dir/src/core/plan.cpp.obj
[10/26] Building CXX object CMakeFiles/framegraph_core.dir/src/core/allocation.cpp.obj
[11/26] Building CXX object CMakeFiles/framegraph_plan.dir/tools/core_plan.cpp.obj
[12/26] Building CXX object CMakeFiles/framegraph_options_tests.dir/tests/unit/options_tests.cpp.obj
[13/26] Building CXX object CMakeFiles/framegraph_fuzz.dir/tests/property/fuzz_compile.cpp.obj
[14/26] Linking CXX executable framegraph_options_tests.exe
[15/26] Building CXX object CMakeFiles/framegraph_core.dir/src/core/compiler.cpp.obj
[16/26] Building CXX object CMakeFiles/framegraph_compiler_tests.dir/tests/unit/compiler_tests.cpp.obj
[17/26] Building CXX object CMakeFiles/framegraph_boundary_tests.dir/tests/unit/boundary_tests.cpp.obj
[18/26] Linking CXX static library libframegraph_core.a
[19/26] Linking CXX executable framegraph_compiler_tests.exe
[20/26] Linking CXX executable framegraph_plan.exe
[21/26] Linking CXX executable framegraph_boundary_tests.exe
[22/26] Linking CXX executable framegraph_fuzz.exe
[23/26] Building CXX object CMakeFiles/framegraph_property.dir/tests/property/graph_sweep.cpp.obj
[24/26] Building CXX object CMakeFiles/framegraph_planner_tests.dir/tests/unit/planner_tests.cpp.obj
[25/26] Linking CXX executable framegraph_property.exe
[26/26] Linking CXX executable framegraph_planner_tests.exe
