build contract passed: 9 targets; shared sources and MSVC policies
[compile] src/app/main.cpp [missing cache entry, missing output]
main.cpp
[compile] src/core/compiler.cpp [compiler options changed, dependency changed]
compiler.cpp
cl: 命令行 warning D9025 :正在重写“/W3”(用“/W4”)
cl: 命令行 warning D9025 :正在重写“/MDd”(用“/MTd”)
cl: 命令行 warning D9025 :正在重写“/W3”(用“/W4”)
[compile] src/core/validation.cpp [compiler options changed, dependency changed]
validation.cpp
cl: 命令行 warning D9025 :正在重写“/MDd”(用“/MTd”)
cl: 命令行 warning D9025 :正在重写“/W3”(用“/W4”)
[compile] src/core/serialization.cpp [compiler options changed, dependency changed]
serialization.cpp
cl: 命令行 warning D9025 :正在重写“/MDd”(用“/MTd”)
cl: 命令行 warning D9025 :正在重写“/W3”(用“/W4”)
cl: 命令行 warning D9025 :正在重写“/MDd”(用“/MTd”)
cl: 命令行 warning D9025 :正在重写“/W3”(用“/W4”)
[compile] src/core/allocation.cpp [compiler options changed, dependency changed]
allocation.cpp
[compile] src/core/barriers.cpp [compiler options changed, dependency changed]
barriers.cpp
cl: 命令行 warning D9025 :正在重写“/MDd”(用“/MTd”)
cl: 命令行 warning D9025 :正在重写“/W3”(用“/W4”)
cl: 命令行 warning D9025 :正在重写“/MDd”(用“/MTd”)
[compile] src/core/plan.cpp [compiler options changed, dependency changed]
plan.cpp
cl: 命令行 warning D9025 :正在重写“/W3”(用“/W4”)
cl: 命令行 warning D9025 :正在重写“/MDd”(用“/MTd”)
[compile] src/app/options.cpp [compiler options changed, dependency changed]
options.cpp
D:/program/FrameGraphLab/src/app/options.cpp(28,39): warning C4996: 'std::filesystem::u8path': warning STL4021: The std::filesystem::u8path() overloads are deprecated in C++20. The constructors of std::filesystem::path provide equivalent functionality via construction from u8string, u8string_view, or iterators with value_type char8_t. You can define _SILENCE_CXX20_U8PATH_DEPRECATION_WARNING or _SILENCE_ALL_CXX20_DEPRECATION_WARNINGS to suppress this warning.
cl: 命令行 warning D9025 :正在重写“/W3”(用“/W4”)
cl: 命令行 warning D9025 :正在重写“/MDd”(用“/MTd”)
cl: 命令行 warning D9025 :正在重写“/W3”(用“/W4”)
[compile] src/app/report.cpp [missing cache entry, missing output]
report.cpp
[compile] src/d3d12/runtime.cpp [missing cache entry, missing output]
runtime.cpp
cl: 命令行 warning D9025 :正在重写“/MDd”(用“/MTd”)
cl: 命令行 warning D9025 :正在重写“/W3”(用“/W4”)
cl: 命令行 warning D9025 :正在重写“/MDd”(用“/MTd”)
[link] FrameGraphLab-debug.exe [explicit rebuild, missing cache entry, missing output]
output: D:/program/FrameGraphLab/.mqb/bin/FrameGraphLab-debug.exe
